// Jest Snapshot v1, https://goo.gl/fbAQLP

exports[`Storyshots Button default 1`] = `
<button
  onClick={[Function]}
  type="button"
>
  Hello World!
</button>
`;
